// Jest Snapshot v1, https://goo.gl/fbAQLP

exports[`should match with snapshot 1`] = `
<View
  accessible={true}
  collapsable={false}
  focusable={true}
  onBlur={[Function]}
  onClick={[Function]}
  onFocus={[Function]}
  onResponderGrant={[Function]}
  onResponderMove={[Function]}
  onResponderRelease={[Function]}
  onResponderTerminate={[Function]}
  onResponderTerminationRequest={[Function]}
  onStartShouldSetResponder={[Function]}
  style={
    Array [
      Object {
        "backgroundColor": "#fff",
        "borderRadius": 4,
        "paddingBottom": 4,
        "paddingLeft": 8,
        "paddingRight": 8,
        "paddingTop": 4,
      },
    ]
  }
>
  <Text
    style={
      Array [
        Object {
          "color": "rgba(0,0,0,0.8)",
          "fontSize": 11,
          "fontWeight": "bold",
        },
      ]
    }
  >
    My Point
  </Text>
</View>
`;
