// Jest Snapshot v1, https://goo.gl/fbAQLP

exports[`should match with snapshot 1`] = `
<View
  style={
    Array [
      Object {
        "backgroundColor": "#F5F9F8",
        "paddingBottom": 8,
        "paddingLeft": 16,
        "paddingRight": 16,
        "paddingTop": 8,
        "width": "100%",
      },
    ]
  }
>
  <View
    style={
      Array [
        Object {
          "alignItems": "center",
          "flexDirection": "row",
          "paddingTop": 8,
        },
      ]
    }
  >
    <Image
      source={
        Object {
          "testUri": "../../../src/assets/images/avataaars.png",
        }
      }
      style={
        Array [
          Object {
            "backgroundColor": "#19A0E0",
            "borderRadius": 100,
            "height": 40,
            "width": 40,
          },
        ]
      }
    />
    <Text
      style={
        Array [
          Object {
            "color": "rgba(0,0,0,0.8)",
            "fontSize": 16,
            "fontWeight": "bold",
            "marginLeft": 8,
          },
        ]
      }
    >
      Firmansyah Yanuar
    </Text>
  </View>
  <View
    style={
      Array [
        Object {
          "alignItems": "center",
          "flexDirection": "row",
          "paddingTop": 8,
        },
      ]
    }
  >
    <View
      accessible={true}
      collapsable={false}
      focusable={true}
      onBlur={[Function]}
      onClick={[Function]}
      onFocus={[Function]}
      onResponderGrant={[Function]}
      onResponderMove={[Function]}
      onResponderRelease={[Function]}
      onResponderTerminate={[Function]}
      onResponderTerminationRequest={[Function]}
      onStartShouldSetResponder={[Function]}
      style={
        Array [
          Object {
            "backgroundColor": "#fff",
            "borderRadius": 4,
            "paddingBottom": 4,
            "paddingLeft": 8,
            "paddingRight": 8,
            "paddingTop": 4,
          },
          Object {
            "marginRight": 8,
          },
        ]
      }
    >
      <Text
        style={
          Array [
            Object {
              "color": "rgba(0,0,0,0.8)",
              "fontSize": 11,
              "fontWeight": "bold",
            },
          ]
        }
      >
        My Points
      </Text>
    </View>
    <View
      accessible={true}
      collapsable={false}
      focusable={true}
      onBlur={[Function]}
      onClick={[Function]}
      onFocus={[Function]}
      onResponderGrant={[Function]}
      onResponderMove={[Function]}
      onResponderRelease={[Function]}
      onResponderTerminate={[Function]}
      onResponderTerminationRequest={[Function]}
      onStartShouldSetResponder={[Function]}
      style={
        Array [
          Object {
            "backgroundColor": "#fff",
            "borderRadius": 4,
            "paddingBottom": 4,
            "paddingLeft": 8,
            "paddingRight": 8,
            "paddingTop": 4,
          },
        ]
      }
    >
      <Text
        style={
          Array [
            Object {
              "color": "rgba(0,0,0,0.8)",
              "fontSize": 11,
              "fontWeight": "bold",
            },
          ]
        }
      >
        Payment
      </Text>
    </View>
  </View>
</View>
`;
