// Jest Snapshot v1, https://goo.gl/fbAQLP

exports[`should match with snapshot 1`] = `
<Image
  source={
    Object {
      "testUri": "../../../src/assets/images/avataaars.png",
    }
  }
  style={
    Array [
      Object {
        "backgroundColor": "#19A0E0",
        "borderRadius": 100,
        "height": 40,
        "width": 40,
      },
    ]
  }
/>
`;
