// Jest Snapshot v1, https://goo.gl/fbAQLP

exports[`should match with snapshot 1`] = `
<View
  accessible={true}
  focusable={true}
  onClick={[Function]}
  onResponderGrant={[Function]}
  onResponderMove={[Function]}
  onResponderRelease={[Function]}
  onResponderTerminate={[Function]}
  onResponderTerminationRequest={[Function]}
  onStartShouldSetResponder={[Function]}
  style={
    Object {
      "alignItems": "center",
      "marginBottom": 8,
      "opacity": 1,
      "paddingBottom": 8,
      "paddingLeft": 0,
      "paddingRight": 0,
      "paddingTop": 8,
      "width": 60,
    }
  }
>
  <View
    backgroundColor="#F2F3EE"
    style={
      Array [
        Object {
          "alignItems": "center",
          "aspectRatio": 1,
          "backgroundColor": "#F2F3EE",
          "borderRadius": 1000,
          "justifyContent": "center",
          "paddingBottom": 8,
          "paddingLeft": 8,
          "paddingRight": 8,
          "paddingTop": 8,
        },
      ]
    }
  >
    <Text
      allowFontScaling={false}
      style={
        Array [
          Object {
            "color": "#555",
            "fontSize": 32,
          },
          undefined,
          Object {
            "fontFamily": "Ionicons",
            "fontStyle": "normal",
            "fontWeight": "normal",
          },
        ]
      }
    >
      ï„·
    </Text>
  </View>
  <Text
    style={
      Array [
        Object {
          "color": "rgba(0,0,0,0.5)",
          "fontSize": 11,
          "textAlign": "center",
        },
      ]
    }
  >
    Flight
  </Text>
</View>
`;
